C51 COMPILER V9.60.7.0   UART                                                              09/11/2026 10:55:53 PAGE 1   


C51 COMPILER V9.60.7.0, COMPILATION OF MODULE UART
OBJECT MODULE PLACED IN .\Objects\UART.obj
COMPILER INVOKED BY: C:\Keil_v5\C51\BIN\C51.EXE UART.c OPTIMIZE(9,SPEED) BROWSE DEBUG OBJECTEXTEND PRINT(.\Listings\UART
                    -.lst) TABS(2) OBJECT(.\Objects\UART.obj)

line level    source

   1          #include <reg51.h>
   2          #include "UART.h"
   3          
   4          void uart_init(void)
   5          {
   6   1          /*
   7   1             Timer2 como generador de baud rate (RCLK=1, TCLK=1).
   8   1      
   9   1             Formula (Modo baud rate generator, clock fijo = Fosc/2
  10   1                 baud = Fosc / (32 * (65536 - [RCAP2H,RCAP2L]))
  11   1      
  12   1             Para 4800 baudios a 12MHz:
  13   1                 65536 - 12000000/(32*4800) = 65536 - 78.125 =~ 65458 = 0xFFB2
  14   1                 (baud real resultante ~4807.7, error ~0.16%, aceptable)
  15   1          */
  16   1          T2CON = 0x34;   // TF2 EXF2 RCLK TCLK EXEN2 TR2 C/T2 CP/RL2 = 00110100
  17   1      
  18   1          RCAP2H = 0xFF;
  19   1          RCAP2L = 0xB2;
  20   1          TH2 = 0xFF;     // carga inicial igual al valor de recarga
  21   1          TL2 = 0xB2;
  22   1      
  23   1          SCON = 0x50;    // Modo 1 (8 bits), REN=1 (habilita recepcion)
  24   1      
  25   1          /// No actives ES si vas a esperar TI por polling en send_char.
  26   1      }
  27          
  28          void send_data(char *caracter)
  29          {
  30   1          int i = 0;
  31   1          while(caracter[i] != '\0')
  32   1          {
  33   2              SBUF = caracter[i];
  34   2              while(TI == 0);
  35   2              TI = 0;
  36   2              i++;
  37   2          }
  38   1      }


MODULE INFORMATION:   STATIC OVERLAYABLE
   CODE SIZE        =     58    ----
   CONSTANT SIZE    =   ----    ----
   XDATA SIZE       =   ----    ----
   PDATA SIZE       =   ----    ----
   DATA SIZE        =   ----       3
   IDATA SIZE       =   ----    ----
   BIT SIZE         =   ----    ----
END OF MODULE INFORMATION.


C51 COMPILATION COMPLETE.  0 WARNING(S),  0 ERROR(S)
